<?php return array (
  0 => 'Symfony\\Bundle\\FrameworkBundle\\Controller\\AbstractController',
  1 => 'App\\Controller\\Admin\\DashboardController',
  2 => 'App\\Controller\\Admin\\MenuCrudController',
  3 => 'App\\Controller\\Admin\\PostCategoryCrudController',
  4 => 'App\\Controller\\Admin\\PostCrudController',
  5 => 'App\\Controller\\Admin\\ProductCrudController',
  6 => 'App\\Controller\\Admin\\UserCrudController',
  7 => 'App\\Controller\\DashboardController',
  8 => 'App\\Controller\\HomeController',
  9 => 'App\\Controller\\ProductApiController',
  10 => 'App\\Controller\\RegistrationController',
  11 => 'App\\Controller\\ResetPasswordController',
  12 => 'App\\Controller\\SecurityController',
  13 => 'App\\Entity\\ManagedBy',
  14 => 'App\\Entity\\Menu',
  15 => 'App\\Entity\\Post',
  16 => 'App\\Entity\\PostCategory',
  17 => 'App\\Entity\\Product',
  18 => 'App\\Entity\\ResetPasswordRequest',
  19 => 'App\\Entity\\User',
  20 => 'Doctrine\\Bundle\\DoctrineBundle\\Controller\\ProfilerController',
  21 => 'Doctrine\\ORM\\Cache\\Persister\\Entity\\AbstractEntityPersister',
  22 => 'Doctrine\\ORM\\Cache\\Persister\\Entity\\CachedEntityPersister',
  23 => 'Doctrine\\ORM\\Cache\\Persister\\Entity\\NonStrictReadWriteCachedEntityPersister',
  24 => 'Doctrine\\ORM\\Cache\\Persister\\Entity\\ReadOnlyCachedEntityPersister',
  25 => 'Doctrine\\ORM\\Cache\\Persister\\Entity\\ReadWriteCachedEntityPersister',
  26 => 'Doctrine\\ORM\\Persisters\\Entity\\AbstractEntityInheritancePersister',
  27 => 'Doctrine\\ORM\\Persisters\\Entity\\BasicEntityPersister',
  28 => 'Doctrine\\ORM\\Persisters\\Entity\\CachedPersisterContext',
  29 => 'Doctrine\\ORM\\Persisters\\Entity\\EntityPersister',
  30 => 'Doctrine\\ORM\\Persisters\\Entity\\JoinedSubclassPersister',
  31 => 'Doctrine\\ORM\\Persisters\\Entity\\SingleTablePersister',
  32 => 'EasyCorp\\Bundle\\EasyAdminBundle\\Contracts\\Controller\\CrudControllerInterface',
  33 => 'EasyCorp\\Bundle\\EasyAdminBundle\\Contracts\\Controller\\DashboardControllerInterface',
  34 => 'EasyCorp\\Bundle\\EasyAdminBundle\\Controller\\AbstractCrudController',
  35 => 'EasyCorp\\Bundle\\EasyAdminBundle\\Controller\\AbstractDashboardController',
  36 => 'EasyCorp\\Bundle\\EasyAdminBundle\\Controller\\EasyAdminController',
  37 => 'FOS\\RestBundle\\Controller\\AbstractFOSRestController',
  38 => 'FOS\\RestBundle\\Controller\\Annotations\\AbstractParam',
  39 => 'FOS\\RestBundle\\Controller\\Annotations\\AbstractScalarParam',
  40 => 'FOS\\RestBundle\\Controller\\Annotations\\Copy',
  41 => 'FOS\\RestBundle\\Controller\\Annotations\\Delete',
  42 => 'FOS\\RestBundle\\Controller\\Annotations\\FileParam',
  43 => 'FOS\\RestBundle\\Controller\\Annotations\\Get',
  44 => 'FOS\\RestBundle\\Controller\\Annotations\\Head',
  45 => 'FOS\\RestBundle\\Controller\\Annotations\\Link',
  46 => 'FOS\\RestBundle\\Controller\\Annotations\\Lock',
  47 => 'FOS\\RestBundle\\Controller\\Annotations\\Mkcol',
  48 => 'FOS\\RestBundle\\Controller\\Annotations\\Move',
  49 => 'FOS\\RestBundle\\Controller\\Annotations\\Options',
  50 => 'FOS\\RestBundle\\Controller\\Annotations\\ParamInterface',
  51 => 'FOS\\RestBundle\\Controller\\Annotations\\Patch',
  52 => 'FOS\\RestBundle\\Controller\\Annotations\\Post',
  53 => 'FOS\\RestBundle\\Controller\\Annotations\\PropFind',
  54 => 'FOS\\RestBundle\\Controller\\Annotations\\PropPatch',
  55 => 'FOS\\RestBundle\\Controller\\Annotations\\Put',
  56 => 'FOS\\RestBundle\\Controller\\Annotations\\QueryParam',
  57 => 'FOS\\RestBundle\\Controller\\Annotations\\RequestParam',
  58 => 'FOS\\RestBundle\\Controller\\Annotations\\Route',
  59 => 'FOS\\RestBundle\\Controller\\Annotations\\Unlink',
  60 => 'FOS\\RestBundle\\Controller\\Annotations\\Unlock',
  61 => 'FOS\\RestBundle\\Controller\\Annotations\\View',
  62 => 'FOS\\RestBundle\\Controller\\ControllerTrait',
  63 => 'Liip\\ImagineBundle\\Config\\Controller\\ControllerConfig',
  64 => 'Liip\\ImagineBundle\\Controller\\ImagineController',
  65 => 'SymfonyCasts\\Bundle\\ResetPassword\\Controller\\ResetPasswordControllerTrait',
  67 => 'Symfony\\Bundle\\FrameworkBundle\\Controller\\ControllerResolver',
  68 => 'Symfony\\Bundle\\FrameworkBundle\\Controller\\RedirectController',
  69 => 'Symfony\\Bundle\\FrameworkBundle\\Controller\\TemplateController',
  70 => 'Symfony\\Bundle\\WebProfilerBundle\\Controller\\ExceptionPanelController',
  71 => 'Symfony\\Bundle\\WebProfilerBundle\\Controller\\ProfilerController',
  72 => 'Symfony\\Bundle\\WebProfilerBundle\\Controller\\RouterController',
  73 => 'Symfony\\Component\\HttpKernel\\Controller\\ArgumentResolver',
  74 => 'Symfony\\Component\\HttpKernel\\Controller\\ArgumentResolverInterface',
  75 => 'Symfony\\Component\\HttpKernel\\Controller\\ArgumentResolver\\DefaultValueResolver',
  76 => 'Symfony\\Component\\HttpKernel\\Controller\\ArgumentResolver\\NotTaggedControllerValueResolver',
  77 => 'Symfony\\Component\\HttpKernel\\Controller\\ArgumentResolver\\RequestAttributeValueResolver',
  78 => 'Symfony\\Component\\HttpKernel\\Controller\\ArgumentResolver\\RequestValueResolver',
  79 => 'Symfony\\Component\\HttpKernel\\Controller\\ArgumentResolver\\ServiceValueResolver',
  80 => 'Symfony\\Component\\HttpKernel\\Controller\\ArgumentResolver\\SessionValueResolver',
  81 => 'Symfony\\Component\\HttpKernel\\Controller\\ArgumentResolver\\TraceableValueResolver',
  82 => 'Symfony\\Component\\HttpKernel\\Controller\\ArgumentResolver\\VariadicValueResolver',
  83 => 'Symfony\\Component\\HttpKernel\\Controller\\ArgumentValueResolverInterface',
  84 => 'Symfony\\Component\\HttpKernel\\Controller\\ContainerControllerResolver',
  85 => 'Symfony\\Component\\HttpKernel\\Controller\\ControllerReference',
  86 => 'Symfony\\Component\\HttpKernel\\Controller\\ControllerResolver',
  87 => 'Symfony\\Component\\HttpKernel\\Controller\\ControllerResolverInterface',
  88 => 'Symfony\\Component\\HttpKernel\\Controller\\ErrorController',
  89 => 'Symfony\\Component\\HttpKernel\\Controller\\TraceableArgumentResolver',
  90 => 'Symfony\\Component\\HttpKernel\\Controller\\TraceableControllerResolver',
  91 => 'Symfony\\Component\\Security\\Http\\Controller\\UserValueResolver',
);